// Jest Snapshot v1, https://goo.gl/fbAQLP

exports[`component renders with elements with children 1`] = `
<div>
  <div
    className="element-list"
  >
    <div
      className="element-list-card element-list-card-unselected"
      onClick={[Function]}
      onKeyUp={[Function]}
      role="button"
      tabIndex="0"
    >
      Feature 1
    </div>
    <div
      className="element-list-card element-list-card-unselected"
      onClick={[Function]}
      onKeyUp={[Function]}
      role="button"
      tabIndex="0"
    >
      Feature 2
    </div>
    <div
      className="element-list-card element-list-card-unselected"
      onClick={[Function]}
      onKeyUp={[Function]}
      role="button"
      tabIndex="0"
    >
      Feature 3
    </div>
  </div>
  
</div>
`;

exports[`component renders with elements with children 2`] = `
<div>
  <div
    className="element-list"
  >
    <div
      className="element-list-card element-list-card-unselected"
      onClick={[Function]}
      onKeyUp={[Function]}
      role="button"
      tabIndex="0"
    >
      Feature 1
    </div>
    <div
      className="element-list-card element-list-card-unselected"
      onClick={[Function]}
      onKeyUp={[Function]}
      role="button"
      tabIndex="0"
    >
      Feature 2
    </div>
    <div
      className="element-list-card element-list-card-unselected"
      onClick={[Function]}
      onKeyUp={[Function]}
      role="button"
      tabIndex="0"
    >
      Feature 3
    </div>
  </div>
  
</div>
`;

exports[`component renders without elements 1`] = `
<div>
  <div
    className="element-list-empty"
  >
    <span>
      This element doesn't have any child yet
    </span>
  </div>
  
</div>
`;
